// Jest Snapshot v1, https://goo.gl/fbAQLP

exports[`TableHeader should render correctly 1`] = `
.c0 {
  display: -webkit-box;
  display: -webkit-flex;
  display: -ms-flexbox;
  display: flex;
  -webkit-flex-direction: row;
  -ms-flex-direction: row;
  flex-direction: row;
  -webkit-box-pack: start;
  -webkit-justify-content: flex-start;
  -ms-flex-pack: start;
  justify-content: flex-start;
  -webkit-align-items: center;
  -webkit-box-align: center;
  -ms-flex-align: center;
  align-items: center;
  width: 100%;
  padding: 10px 30px;
  box-sizing: border-box;
  color: #999B9E;
  text-transform: uppercase;
}

<ThemeProvider
  theme={
    Object {
      "buttonBackgroundColor": "#004A7C",
      "buttonColor": "#FFF",
      "buttonHoverColor": "#0068af",
      "cartridgeBackgroundColor": "#004A7C",
      "cartridgeColor": "#FFF",
      "circleBadgeBackgroundColor": "#CCC",
      "circleBadgeHoverColor": "#004A7C",
      "dropdownBackgroundColor": "rgba(0, 0, 0, 0)",
      "dropdownColor": "#545456",
      "fontPrimary": "'IBM Plex Sans', 'Helvetica Neue', Arial, sans-serif;",
      "iconColor": "#545456",
      "iconHoverColor": "#757679",
      "inputBackgroundColor": "#FFF",
      "inputBorderColor": "#CCC",
      "inputColor": "#545456",
      "linkColor": "#545456",
      "linkHoverColor": "#004A7C",
      "panelBackgroundColor": "#FFF",
      "panelShadowColor": "#EEF2F5",
      "searchBarIconBackgroundColor": "#FFCA00",
      "searchBarInputBackgroundColor": "#FFF",
      "searchBarUnderlinedBackgroundColor": "rgba(0, 0, 0, 0)",
      "searchBarUnderlinedBorderColor": "#CCC",
      "sectionBackgroundColor": "#004A7C",
      "tabMenuBarColor": "#FFCA00",
      "tabMenuBorderColor": "#EEF2F5",
      "tableCellEvenBackgroundColor": "#F8F8F8",
      "tableCellOddBackgroundColor": "#FFF",
      "tableHeaderColor": "#999B9E",
      "tableShadowColor": "#EEF2F5",
      "textColor": "#545456",
    }
  }
>
  <TableHeader>
    <styled.div>
      <div
        className="c0"
      >
        MyTableHeader
      </div>
    </styled.div>
  </TableHeader>
</ThemeProvider>
`;
