// Jest Snapshot v1, https://goo.gl/fbAQLP

exports[`TableHeader should render correctly 1`] = `
.c0 {
  display: -webkit-box;
  display: -webkit-flex;
  display: -ms-flexbox;
  display: flex;
  -webkit-flex-direction: row;
  -ms-flex-direction: row;
  flex-direction: row;
  -webkit-box-pack: start;
  -webkit-justify-content: flex-start;
  -ms-flex-pack: start;
  justify-content: flex-start;
  -webkit-align-items: center;
  -webkit-box-align: center;
  -ms-flex-align: center;
  align-items: center;
  width: 100%;
  padding: 10px 30px;
  box-sizing: border-box;
  color: #999B9E;
  text-transform: uppercase;
}

<ThemeProvider
  theme={
    Object {
      "buttonBackgroundColor": "#004A7C",
      "buttonColor": "#FFF",
      "buttonHoverColor": "#0068af",
      "cartridgeBackgroundColor": "#004A7C",
      "cartridgeColor": "#FFF",
      "circleBadgeBackgroundColor": "#CCC",
      "circleBadgeHoverColor": "#004A7C",
      "dropdownBackgroundColor": "rgba(0, 0, 0, 0)",
      "dropdownColor": "#545456",
      "fontPrimary": "'IBM Plex Sans', 'Helvetica Neue', Arial, sans-serif;",
      "iconColor": "#545456",
      "iconHoverColor": "#757679",
      "inputBackgroundColor": "#FFF",
      "inputBorderColor": "#CCC",
      "inputColor": "#545456",
      "linkColor": "#545456",
      "linkHoverColor": "#004A7C",
      "navbarDropdownContentBackgroundColor": "#FFF",
      "navbarDropdownContentShadowColor": "#545456",
      "navbarDropdownHeaderColor": "#FFF",
      "navbarMenuBagroundColor": "#004A7C",
      "navbarTogglerColor": "#FFF",
      "palette": Object {
        "azure": "#3558A8",
        "bigStone": "#152343",
        "biscay": "#153A62",
        "black": "#000",
        "blackAlpha05": "rgba(0,0,0,0.05)",
        "blackAlpha75": "rgba(0,0,0,0.75)",
        "blueWood": "#27324B",
        "cerulean": "#10ADE4",
        "gold": "#FFCA00",
        "gray0": "#F8F8F8",
        "gray1": "#EEF2F5",
        "gray2": "#CCC",
        "gray3": "#999B9E",
        "gray4": "#757679",
        "gray5": "#545456",
        "gray6": "#383838",
        "gray7": "#040d25",
        "orient": "#004A7C",
        "powderBlue": "#B2D5E5",
        "transparent": "rgba(0, 0, 0, 0)",
        "white": "#FFF",
        "whiteAlpha10": "rgba(255,255,255,0.1)",
        "whiteAlpha75": "rgba(255,255,255,0.75)",
      },
      "panelBackgroundColor": "#FFF",
      "panelShadowColor": "#EEF2F5",
      "searchBarIconBackgroundColor": "#FFCA00",
      "searchBarInputBackgroundColor": "#FFF",
      "searchBarUnderlinedBackgroundColor": "rgba(0, 0, 0, 0)",
      "searchBarUnderlinedBorderColor": "#CCC",
      "sectionBackgroundColor": "rgba(0, 0, 0, 0)",
      "tabMenuBarColor": "#FFCA00",
      "tabMenuBorderColor": "#EEF2F5",
      "tableCellEvenBackgroundColor": "#F8F8F8",
      "tableCellOddBackgroundColor": "#FFF",
      "tableHeaderColor": "#999B9E",
      "tableShadowColor": "#EEF2F5",
      "textColor": "#545456",
    }
  }
>
  <TableHeader>
    <styled.div>
      <div
        className="c0"
      >
        MyTableHeader
      </div>
    </styled.div>
  </TableHeader>
</ThemeProvider>
`;
