// Jest Snapshot v1, https://goo.gl/fbAQLP

exports[`NavbarDropdownItemTitle should render correctly 1`] = `
.c1 {
  font-family: 'IBM Plex Sans','Helvetica Neue',Arial,sans-serif;
  font-weight: 600;
  font-size: 1rem;
  text-transform: none;
  font-style: normal;
  color: #545456;
  opacity: 1;
}

.c0 {
  color: #FFF;
}

@media (min-width:48rem) {
  .c0 {
    color: #3558A8;
  }
}

<NavbarDropdownItemTitle>
  <Styled(Text)>
    <Text
      capitalize={false}
      className="c0"
      italic={false}
      opacity={1}
      size="1rem"
      uppercase={false}
      weight={600}
    >
      <styled.span
        capitalize={false}
        className="c0"
        italic={false}
        opacity={1}
        size="1rem"
        uppercase={false}
        weight={600}
      >
        <span
          className="c0 c1"
          opacity={1}
          size="1rem"
        />
      </styled.span>
    </Text>
  </Styled(Text)>
</NavbarDropdownItemTitle>
`;
