// Jest Snapshot v1, https://goo.gl/fbAQLP

exports[`NavbarNavDropdown should render correctly 1`] = `
.c0 {
  position: relative;
  width: 100%;
  padding: 0.5rem 0;
  border-top: 0.5px solid #999B9E;
  box-sizing: border-box;
}

@media (min-width:48rem) {
  .c0 {
    -webkit-box-flex: 1;
    -webkit-flex-grow: 1;
    -ms-flex-positive: 1;
    flex-grow: 1;
    -webkit-flex-shrink: 1;
    -ms-flex-negative: 1;
    flex-shrink: 1;
    -webkit-flex-basis: auto;
    -ms-flex-preferred-size: auto;
    flex-basis: auto;
    width: auto;
    padding: 0.75rem 1rem;
    border-top: none;
  }

  .c0 > :last-child {
    display: none;
  }

  .c0:hover > :last-child {
    display: block;
  }
}

<NavbarNavItem>
  <styled.li>
    <li
      className="c0"
    />
  </styled.li>
</NavbarNavItem>
`;
