// Jest Snapshot v1, https://goo.gl/fbAQLP

exports[`ContainedButton component renders correctly 1`] = `
<styled.button
  backgroundColor="primary"
  borderColor="primary"
  color="white"
  disabled={false}
/>
`;
