// Jest Snapshot v1, https://goo.gl/fbAQLP

exports[`BrandLogo should render correctly 1`] = `
.c0 {
  height: 100px;
  width: 100px;
}

.c1 {
  fill: #00aee6;
}

.c2 {
  fill: #123962;
}

.c3 {
  fill: #b1d4e5;
}

.c4 {
  fill: #b1d4e5;
}

.c5 {
  fill: #2754ba;
}

.c6 {
  fill: #799eb2;
}

<BrandLogo
  size="100px"
>
  <styled.svg
    size="100px"
  >
    <svg
      className="c0"
      size="100px"
      viewBox="0 0 103.9 103.9"
    >
      <styled.path
        d="M38.6,52L17,73.5l27.1,27.1c4.4,4.4,11.4,4.4,15.8,0l27.1-27.1L65.3,52L52,38.6L38.6,52z"
      >
        <path
          className="c1"
          d="M38.6,52L17,73.5l27.1,27.1c4.4,4.4,11.4,4.4,15.8,0l27.1-27.1L65.3,52L52,38.6L38.6,52z"
        />
      </styled.path>
      <styled.path
        d="M17,30.4L3.3,44.1c-4.4,4.4-4.4,11.4,0,15.8L17,73.5L38.6,52L52,38.6L30.4,17L17,30.4z"
      >
        <path
          className="c2"
          d="M17,30.4L3.3,44.1c-4.4,4.4-4.4,11.4,0,15.8L17,73.5L38.6,52L52,38.6L30.4,17L17,30.4z"
        />
      </styled.path>
      <styled.path
        d="M73.5,60.1l13.4,13.4l13.7-13.7c4.4-4.4,4.4-11.4,0-15.8l-5.5-5.5L73.5,60.1z"
      >
        <path
          className="c3"
          d="M73.5,60.1l13.4,13.4l13.7-13.7c4.4-4.4,4.4-11.4,0-15.8l-5.5-5.5L73.5,60.1z"
        />
      </styled.path>
      <styled.polygon
        points="65.3,52 65.3,52 52,38.6 73.5,17 73.5,17 52,38.6 	"
      >
        <polygon
          className="c4"
          points="65.3,52 65.3,52 52,38.6 73.5,17 73.5,17 52,38.6 	"
        />
      </styled.polygon>
      <styled.polygon
        points="52,38.6 65.3,52 73.5,60.1 95.1,38.6 86.9,30.4 73.5,17 	"
      >
        <polygon
          className="c5"
          points="52,38.6 65.3,52 73.5,60.1 95.1,38.6 86.9,30.4 73.5,17 	"
        />
      </styled.polygon>
      <styled.path
        d="M73.5,17L59.8,3.3c-4.4-4.4-11.4-4.4-15.8,0L30.4,17L52,38.6L73.5,17z"
      >
        <path
          className="c6"
          d="M73.5,17L59.8,3.3c-4.4-4.4-11.4-4.4-15.8,0L30.4,17L52,38.6L73.5,17z"
        />
      </styled.path>
    </svg>
  </styled.svg>
</BrandLogo>
`;

exports[`BrandLogo should render correctly with size 1`] = `
.c0 {
  height: 100px;
  width: 100px;
}

.c1 {
  fill: #00aee6;
}

.c2 {
  fill: #123962;
}

.c3 {
  fill: #b1d4e5;
}

.c4 {
  fill: #b1d4e5;
}

.c5 {
  fill: #2754ba;
}

.c6 {
  fill: #799eb2;
}

<BrandLogo
  size="100px"
>
  <styled.svg
    size="100px"
  >
    <svg
      className="c0"
      size="100px"
      viewBox="0 0 103.9 103.9"
    >
      <styled.path
        d="M38.6,52L17,73.5l27.1,27.1c4.4,4.4,11.4,4.4,15.8,0l27.1-27.1L65.3,52L52,38.6L38.6,52z"
      >
        <path
          className="c1"
          d="M38.6,52L17,73.5l27.1,27.1c4.4,4.4,11.4,4.4,15.8,0l27.1-27.1L65.3,52L52,38.6L38.6,52z"
        />
      </styled.path>
      <styled.path
        d="M17,30.4L3.3,44.1c-4.4,4.4-4.4,11.4,0,15.8L17,73.5L38.6,52L52,38.6L30.4,17L17,30.4z"
      >
        <path
          className="c2"
          d="M17,30.4L3.3,44.1c-4.4,4.4-4.4,11.4,0,15.8L17,73.5L38.6,52L52,38.6L30.4,17L17,30.4z"
        />
      </styled.path>
      <styled.path
        d="M73.5,60.1l13.4,13.4l13.7-13.7c4.4-4.4,4.4-11.4,0-15.8l-5.5-5.5L73.5,60.1z"
      >
        <path
          className="c3"
          d="M73.5,60.1l13.4,13.4l13.7-13.7c4.4-4.4,4.4-11.4,0-15.8l-5.5-5.5L73.5,60.1z"
        />
      </styled.path>
      <styled.polygon
        points="65.3,52 65.3,52 52,38.6 73.5,17 73.5,17 52,38.6 	"
      >
        <polygon
          className="c4"
          points="65.3,52 65.3,52 52,38.6 73.5,17 73.5,17 52,38.6 	"
        />
      </styled.polygon>
      <styled.polygon
        points="52,38.6 65.3,52 73.5,60.1 95.1,38.6 86.9,30.4 73.5,17 	"
      >
        <polygon
          className="c5"
          points="52,38.6 65.3,52 73.5,60.1 95.1,38.6 86.9,30.4 73.5,17 	"
        />
      </styled.polygon>
      <styled.path
        d="M73.5,17L59.8,3.3c-4.4-4.4-11.4-4.4-15.8,0L30.4,17L52,38.6L73.5,17z"
      >
        <path
          className="c6"
          d="M73.5,17L59.8,3.3c-4.4-4.4-11.4-4.4-15.8,0L30.4,17L52,38.6L73.5,17z"
        />
      </styled.path>
    </svg>
  </styled.svg>
</BrandLogo>
`;
