// Jest Snapshot v1, https://goo.gl/fbAQLP

exports[`ModalBody should render correctly 1`] = `
.c0 {
  width: 100%;
  height: 100%;
  overflow: auto;
  padding: 1.5rem;
  box-sizing: border-box;
}

@media (min-width:48rem) {
  .c0 {
    height: auto;
    overflow-y: none;
  }
}

<ModalBody>
  <styled.div>
    <StyledComponent
      forwardedComponent={
        Object {
          "$$typeof": Symbol(react.forward_ref),
          "attrs": Array [],
          "componentStyle": ComponentStyle {
            "componentId": "sc-bdVaJa",
            "isStatic": false,
            "lastClassName": "c0",
            "rules": Array [
              "
  width: 100%;
  height: 100%;
  overflow: auto;
  padding: 1.5rem;
  box-sizing: border-box;

  @media (min-width: ",
              [Function],
              ") {
    height: auto;
    overflow-y: none;
  }
",
            ],
          },
          "displayName": "styled.div",
          "foldedComponentIds": Array [],
          "render": [Function],
          "styledComponentId": "sc-bdVaJa",
          "target": "div",
          "toString": [Function],
          "warnTooManyClasses": [Function],
          "withComponent": [Function],
        }
      }
      forwardedRef={null}
    >
      <div
        className="c0"
      />
    </StyledComponent>
  </styled.div>
</ModalBody>
`;
