// Jest Snapshot v1, https://goo.gl/fbAQLP

exports[`ModalHeader should render correctly 1`] = `
.c0 {
  display: -webkit-box;
  display: -webkit-flex;
  display: -ms-flexbox;
  display: flex;
  -webkit-flex-direction: row;
  -ms-flex-direction: row;
  flex-direction: row;
  -webkit-box-pack: justify;
  -webkit-justify-content: space-between;
  -ms-flex-pack: justify;
  justify-content: space-between;
  -webkit-align-items: center;
  -webkit-box-align: center;
  -ms-flex-align: center;
  align-items: center;
  width: 100%;
  padding: 1.5rem;
  box-sizing: border-box;
  border-bottom: 1px solid #CCC;
}

<ModalHeader>
  <styled.div>
    <div
      className="c0"
    />
  </styled.div>
</ModalHeader>
`;
